Cloning into '/root/arches-project5/external/ramulator2'...
From https://github.com/CMU-SAFARI/ramulator2
 * branch            e62c84a6f0e06566ba6e182d308434b4532068a5 -> FETCH_HEAD
Submodule path 'external/ramulator2': checked out 'e62c84a6f0e06566ba6e182d308434b4532068a5'
-- The CXX compiler identification is GNU 14.2.0
-- Detecting CXX compiler ABI info
-- Detecting CXX compiler ABI info - done
-- Check for working CXX compiler: /usr/bin/c++ - skipped
-- Detecting CXX compile features
-- Detecting CXX compile features - done
Configuring arches-v2 ...
-- Build type: Release
Configuring yaml-cpp...
CMake Deprecation Warning at ext/yaml-cpp/CMakeLists.txt:2 (cmake_minimum_required):
  Compatibility with CMake < 3.10 will be removed from a future version of
  CMake.

  Update the VERSION argument <min> value.  Or, use the <min>...<max> syntax
  to tell CMake that the project requires at least <min> but has been updated
  to work with policies introduced by <max> or earlier.


Done configuring yaml-cpp.
Configuring spdlog...
-- Build spdlog: 1.11.0
-- Performing Test CMAKE_HAVE_LIBC_PTHREAD
-- Performing Test CMAKE_HAVE_LIBC_PTHREAD - Success
-- Found Threads: TRUE
-- Build type: Release
Done configuring spdlog.
Configuring argparse...
Done configuring argparse.
-- Configuring done (6.0s)
-- Generating done (0.1s)
-- Build files have been written to: /root/arches-project5/build
EXIT=0
